*
D
2345
90094
N
32456

Exited with error code 42
