1
0
1
1
223
727
0
0
1
0

Exited with error code 0
