Success 1
Success 2
Success 4

Exited with error code 0
